Analysis & Synthesis report for test_vga
Thu Apr 20 15:29:48 2023
Quartus Prime Version 20.1.1 Build 720 11/11/2020 SJ Lite Edition


---------------------
; Table of Contents ;
---------------------
  1. Legal Notice
  2. Analysis & Synthesis Summary
  3. Analysis & Synthesis Settings
  4. Parallel Compilation
  5. Analysis & Synthesis Source Files Read
  6. Analysis & Synthesis Resource Usage Summary
  7. Analysis & Synthesis Resource Utilization by Entity
  8. Registers Removed During Synthesis
  9. General Register Statistics
 10. Multiplexer Restructuring Statistics (Restructuring Performed)
 11. Parameter Settings for User Entity Instance: grid:grid
 12. Parameter Settings for User Entity Instance: random:random_rnd_x_pos
 13. Parameter Settings for User Entity Instance: random:random_rnd_x_pos|counter:counter_counter
 14. Parameter Settings for User Entity Instance: random:random_rnd_y_pos
 15. Parameter Settings for User Entity Instance: random:random_rnd_y_pos|counter:counter_counter
 16. Port Connectivity Checks: "random:random_rnd_x_pos|counter:counter_counter"
 17. Port Connectivity Checks: "grid:grid"
 18. Port Connectivity Checks: "button:button_rnd"
 19. Post-Synthesis Netlist Statistics for Top Partition
 20. Elapsed Time Per Partition
 21. Analysis & Synthesis Messages
 22. Analysis & Synthesis Suppressed Messages



----------------
; Legal Notice ;
----------------
Copyright (C) 2020  Intel Corporation. All rights reserved.
Your use of Intel Corporation's design tools, logic functions 
and other software and tools, and any partner logic 
functions, and any output files from any of the foregoing 
(including device programming or simulation files), and any 
associated documentation or information are expressly subject 
to the terms and conditions of the Intel Program License 
Subscription Agreement, the Intel Quartus Prime License Agreement,
the Intel FPGA IP License Agreement, or other applicable license
agreement, including, without limitation, that your use is for
the sole purpose of programming logic devices manufactured by
Intel and sold by Intel or its authorized distributors.  Please
refer to the applicable agreement for further details, at
https://fpgasoftware.intel.com/eula.



+----------------------------------------------------------------------------------+
; Analysis & Synthesis Summary                                                     ;
+------------------------------------+---------------------------------------------+
; Analysis & Synthesis Status        ; Successful - Thu Apr 20 15:29:47 2023       ;
; Quartus Prime Version              ; 20.1.1 Build 720 11/11/2020 SJ Lite Edition ;
; Revision Name                      ; test_vga                                    ;
; Top-level Entity Name              ; test_vga                                    ;
; Family                             ; Cyclone IV E                                ;
; Total logic elements               ; 2,029                                       ;
;     Total combinational functions  ; 2,029                                       ;
;     Dedicated logic registers      ; 956                                         ;
; Total registers                    ; 956                                         ;
; Total pins                         ; 36                                          ;
; Total virtual pins                 ; 0                                           ;
; Total memory bits                  ; 0                                           ;
; Embedded Multiplier 9-bit elements ; 0                                           ;
; Total PLLs                         ; 0                                           ;
+------------------------------------+---------------------------------------------+


+------------------------------------------------------------------------------------------------------------+
; Analysis & Synthesis Settings                                                                              ;
+------------------------------------------------------------------+--------------------+--------------------+
; Option                                                           ; Setting            ; Default Value      ;
+------------------------------------------------------------------+--------------------+--------------------+
; Device                                                           ; EP4CE115F29C7      ;                    ;
; Top-level entity name                                            ; test_vga           ; test_vga           ;
; Family name                                                      ; Cyclone IV E       ; Cyclone V          ;
; Use smart compilation                                            ; Off                ; Off                ;
; Enable parallel Assembler and Timing Analyzer during compilation ; On                 ; On                 ;
; Enable compact report table                                      ; Off                ; Off                ;
; Restructure Multiplexers                                         ; Auto               ; Auto               ;
; Create Debugging Nodes for IP Cores                              ; Off                ; Off                ;
; Preserve fewer node names                                        ; On                 ; On                 ;
; Intel FPGA IP Evaluation Mode                                    ; Enable             ; Enable             ;
; Verilog Version                                                  ; Verilog_2001       ; Verilog_2001       ;
; VHDL Version                                                     ; VHDL_1993          ; VHDL_1993          ;
; State Machine Processing                                         ; Auto               ; Auto               ;
; Safe State Machine                                               ; Off                ; Off                ;
; Extract Verilog State Machines                                   ; On                 ; On                 ;
; Extract VHDL State Machines                                      ; On                 ; On                 ;
; Ignore Verilog initial constructs                                ; Off                ; Off                ;
; Iteration limit for constant Verilog loops                       ; 5000               ; 5000               ;
; Iteration limit for non-constant Verilog loops                   ; 250                ; 250                ;
; Add Pass-Through Logic to Inferred RAMs                          ; On                 ; On                 ;
; Infer RAMs from Raw Logic                                        ; On                 ; On                 ;
; Parallel Synthesis                                               ; On                 ; On                 ;
; DSP Block Balancing                                              ; Auto               ; Auto               ;
; NOT Gate Push-Back                                               ; On                 ; On                 ;
; Power-Up Don't Care                                              ; On                 ; On                 ;
; Remove Redundant Logic Cells                                     ; Off                ; Off                ;
; Remove Duplicate Registers                                       ; On                 ; On                 ;
; Ignore CARRY Buffers                                             ; Off                ; Off                ;
; Ignore CASCADE Buffers                                           ; Off                ; Off                ;
; Ignore GLOBAL Buffers                                            ; Off                ; Off                ;
; Ignore ROW GLOBAL Buffers                                        ; Off                ; Off                ;
; Ignore LCELL Buffers                                             ; Off                ; Off                ;
; Ignore SOFT Buffers                                              ; On                 ; On                 ;
; Limit AHDL Integers to 32 Bits                                   ; Off                ; Off                ;
; Optimization Technique                                           ; Balanced           ; Balanced           ;
; Carry Chain Length                                               ; 70                 ; 70                 ;
; Auto Carry Chains                                                ; On                 ; On                 ;
; Auto Open-Drain Pins                                             ; On                 ; On                 ;
; Perform WYSIWYG Primitive Resynthesis                            ; Off                ; Off                ;
; Auto ROM Replacement                                             ; On                 ; On                 ;
; Auto RAM Replacement                                             ; On                 ; On                 ;
; Auto DSP Block Replacement                                       ; On                 ; On                 ;
; Auto Shift Register Replacement                                  ; Auto               ; Auto               ;
; Allow Shift Register Merging across Hierarchies                  ; Auto               ; Auto               ;
; Auto Clock Enable Replacement                                    ; On                 ; On                 ;
; Strict RAM Replacement                                           ; Off                ; Off                ;
; Allow Synchronous Control Signals                                ; On                 ; On                 ;
; Force Use of Synchronous Clear Signals                           ; Off                ; Off                ;
; Auto RAM Block Balancing                                         ; On                 ; On                 ;
; Auto RAM to Logic Cell Conversion                                ; Off                ; Off                ;
; Auto Resource Sharing                                            ; Off                ; Off                ;
; Allow Any RAM Size For Recognition                               ; Off                ; Off                ;
; Allow Any ROM Size For Recognition                               ; Off                ; Off                ;
; Allow Any Shift Register Size For Recognition                    ; Off                ; Off                ;
; Use LogicLock Constraints during Resource Balancing              ; On                 ; On                 ;
; Ignore translate_off and synthesis_off directives                ; Off                ; Off                ;
; Timing-Driven Synthesis                                          ; On                 ; On                 ;
; Report Parameter Settings                                        ; On                 ; On                 ;
; Report Source Assignments                                        ; On                 ; On                 ;
; Report Connectivity Checks                                       ; On                 ; On                 ;
; Ignore Maximum Fan-Out Assignments                               ; Off                ; Off                ;
; Synchronization Register Chain Length                            ; 2                  ; 2                  ;
; Power Optimization During Synthesis                              ; Normal compilation ; Normal compilation ;
; HDL message level                                                ; Level2             ; Level2             ;
; Suppress Register Optimization Related Messages                  ; Off                ; Off                ;
; Number of Removed Registers Reported in Synthesis Report         ; 5000               ; 5000               ;
; Number of Swept Nodes Reported in Synthesis Report               ; 5000               ; 5000               ;
; Number of Inverted Registers Reported in Synthesis Report        ; 100                ; 100                ;
; Clock MUX Protection                                             ; On                 ; On                 ;
; Auto Gated Clock Conversion                                      ; Off                ; Off                ;
; Block Design Naming                                              ; Auto               ; Auto               ;
; SDC constraint protection                                        ; Off                ; Off                ;
; Synthesis Effort                                                 ; Auto               ; Auto               ;
; Shift Register Replacement - Allow Asynchronous Clear Signal     ; On                 ; On                 ;
; Pre-Mapping Resynthesis Optimization                             ; Off                ; Off                ;
; Analysis & Synthesis Message Level                               ; Medium             ; Medium             ;
; Disable Register Merging Across Hierarchies                      ; Auto               ; Auto               ;
; Resource Aware Inference For Block RAM                           ; On                 ; On                 ;
+------------------------------------------------------------------+--------------------+--------------------+


+------------------------------------------+
; Parallel Compilation                     ;
+----------------------------+-------------+
; Processors                 ; Number      ;
+----------------------------+-------------+
; Number detected on machine ; 12          ;
; Maximum allowed            ; 6           ;
;                            ;             ;
; Average used               ; 1.00        ;
; Maximum used               ; 6           ;
;                            ;             ;
; Usage by Processor         ; % Time Used ;
;     Processor 1            ; 100.0%      ;
;     Processor 2            ;   0.1%      ;
;     Processor 3            ;   0.1%      ;
;     Processor 4            ;   0.1%      ;
;     Processor 5            ;   0.1%      ;
;     Processor 6            ;   0.0%      ;
+----------------------------+-------------+


+-----------------------------------------------------------------------------------------------------------------------------------------------------------------+
; Analysis & Synthesis Source Files Read                                                                                                                          ;
+----------------------------------+-----------------+------------------------------+-------------------------------------------------------------------+---------+
; File Name with User-Entered Path ; Used in Netlist ; File Type                    ; File Name with Absolute Path                                      ; Library ;
+----------------------------------+-----------------+------------------------------+-------------------------------------------------------------------+---------+
; vga_sync.v                       ; yes             ; User Verilog HDL File        ; C:/Users/admin/Documents/.Programming/Verilog/test_vga/vga_sync.v ;         ;
; vga.v                            ; yes             ; User Verilog HDL File        ; C:/Users/admin/Documents/.Programming/Verilog/test_vga/vga.v      ;         ;
; test_vga.v                       ; yes             ; User Verilog HDL File        ; C:/Users/admin/Documents/.Programming/Verilog/test_vga/test_vga.v ;         ;
; random.v                         ; yes             ; User Verilog HDL File        ; C:/Users/admin/Documents/.Programming/Verilog/test_vga/random.v   ;         ;
; keyboard.v                       ; yes             ; User Verilog HDL File        ; C:/Users/admin/Documents/.Programming/Verilog/test_vga/keyboard.v ;         ;
; grid.v                           ; yes             ; User Verilog HDL File        ; C:/Users/admin/Documents/.Programming/Verilog/test_vga/grid.v     ;         ;
; counter.v                        ; yes             ; User Verilog HDL File        ; C:/Users/admin/Documents/.Programming/Verilog/test_vga/counter.v  ;         ;
; clk_div2.v                       ; yes             ; User Verilog HDL File        ; C:/Users/admin/Documents/.Programming/Verilog/test_vga/clk_div2.v ;         ;
; button.v                         ; yes             ; User Verilog HDL File        ; C:/Users/admin/Documents/.Programming/Verilog/test_vga/button.v   ;         ;
; keys.v                           ; yes             ; Auto-Found Verilog HDL File  ; C:/Users/admin/Documents/.Programming/Verilog/test_vga/keys.v     ;         ;
+----------------------------------+-----------------+------------------------------+-------------------------------------------------------------------+---------+


+--------------------------------------------------------------+
; Analysis & Synthesis Resource Usage Summary                  ;
+---------------------------------------------+----------------+
; Resource                                    ; Usage          ;
+---------------------------------------------+----------------+
; Estimated Total logic elements              ; 2,029          ;
;                                             ;                ;
; Total combinational functions               ; 2029           ;
; Logic element usage by number of LUT inputs ;                ;
;     -- 4 input functions                    ; 1799           ;
;     -- 3 input functions                    ; 103            ;
;     -- <=2 input functions                  ; 127            ;
;                                             ;                ;
; Logic elements by mode                      ;                ;
;     -- normal mode                          ; 1957           ;
;     -- arithmetic mode                      ; 72             ;
;                                             ;                ;
; Total registers                             ; 956            ;
;     -- Dedicated logic registers            ; 956            ;
;     -- I/O registers                        ; 0              ;
;                                             ;                ;
; I/O pins                                    ; 36             ;
;                                             ;                ;
; Embedded Multiplier 9-bit elements          ; 0              ;
;                                             ;                ;
; Maximum fan-out node                        ; key0_rst~input ;
; Maximum fan-out                             ; 938            ;
; Total fan-out                               ; 12478          ;
; Average fan-out                             ; 4.08           ;
+---------------------------------------------+----------------+


+----------------------------------------------------------------------------------------------------------------------------------------------------------------------------------------------------------------------------------------------------------+
; Analysis & Synthesis Resource Utilization by Entity                                                                                                                                                                                                      ;
+--------------------------------------+---------------------+---------------------------+-------------+--------------+---------+-----------+------+--------------+-----------------------------------------------------------+-------------+--------------+
; Compilation Hierarchy Node           ; Combinational ALUTs ; Dedicated Logic Registers ; Memory Bits ; DSP Elements ; DSP 9x9 ; DSP 18x18 ; Pins ; Virtual Pins ; Full Hierarchy Name                                       ; Entity Name ; Library Name ;
+--------------------------------------+---------------------+---------------------------+-------------+--------------+---------+-----------+------+--------------+-----------------------------------------------------------+-------------+--------------+
; |test_vga                            ; 2029 (993)          ; 956 (900)                 ; 0           ; 0            ; 0       ; 0         ; 36   ; 0            ; |test_vga                                                 ; test_vga    ; work         ;
;    |button:button_rnd_cell|          ; 3 (3)               ; 2 (2)                     ; 0           ; 0            ; 0       ; 0         ; 0    ; 0            ; |test_vga|button:button_rnd_cell                          ; button      ; work         ;
;    |button:button_set|               ; 3 (3)               ; 2 (2)                     ; 0           ; 0            ; 0       ; 0         ; 0    ; 0            ; |test_vga|button:button_set                               ; button      ; work         ;
;    |grid:grid|                       ; 923 (923)           ; 0 (0)                     ; 0           ; 0            ; 0       ; 0         ; 0    ; 0            ; |test_vga|grid:grid                                       ; grid        ; work         ;
;    |keyboard:keyboard|               ; 43 (38)             ; 24 (20)                   ; 0           ; 0            ; 0       ; 0         ; 0    ; 0            ; |test_vga|keyboard:keyboard                               ; keyboard    ; work         ;
;       |button:button_ps2_clk_is_low| ; 3 (3)               ; 2 (2)                     ; 0           ; 0            ; 0       ; 0         ; 0    ; 0            ; |test_vga|keyboard:keyboard|button:button_ps2_clk_is_low  ; button      ; work         ;
;       |button:button_rdy|            ; 2 (2)               ; 2 (2)                     ; 0           ; 0            ; 0       ; 0         ; 0    ; 0            ; |test_vga|keyboard:keyboard|button:button_rdy             ; button      ; work         ;
;    |random:random_rnd_x_pos|         ; 6 (0)               ; 5 (0)                     ; 0           ; 0            ; 0       ; 0         ; 0    ; 0            ; |test_vga|random:random_rnd_x_pos                         ; random      ; work         ;
;       |counter:counter_counter|      ; 6 (6)               ; 5 (5)                     ; 0           ; 0            ; 0       ; 0         ; 0    ; 0            ; |test_vga|random:random_rnd_x_pos|counter:counter_counter ; counter     ; work         ;
;    |vga:vga|                         ; 58 (0)              ; 23 (0)                    ; 0           ; 0            ; 0       ; 0         ; 0    ; 0            ; |test_vga|vga:vga                                         ; vga         ; work         ;
;       |clk_div2:clk_div2|            ; 1 (1)               ; 1 (1)                     ; 0           ; 0            ; 0       ; 0         ; 0    ; 0            ; |test_vga|vga:vga|clk_div2:clk_div2                       ; clk_div2    ; work         ;
;       |vga_sync:vga_sync|            ; 57 (57)             ; 22 (22)                   ; 0           ; 0            ; 0       ; 0         ; 0    ; 0            ; |test_vga|vga:vga|vga_sync:vga_sync                       ; vga_sync    ; work         ;
+--------------------------------------+---------------------+---------------------------+-------------+--------------+---------+-----------+------+--------------+-----------------------------------------------------------+-------------+--------------+
Note: For table entries with two numbers listed, the numbers in parentheses indicate the number of resources of the given type used by the specific entity alone. The numbers listed outside of parentheses indicate the total resources of the given type used by the specific entity and all of its sub-entities in the hierarchy.


+-----------------------------------------------------------------------------------------------------------------------------------+
; Registers Removed During Synthesis                                                                                                ;
+-----------------------------------------------------------+-----------------------------------------------------------------------+
; Register name                                             ; Reason for Removal                                                    ;
+-----------------------------------------------------------+-----------------------------------------------------------------------+
; random:random_rnd_y_pos|counter:counter_counter|number[4] ; Merged with random:random_rnd_x_pos|counter:counter_counter|number[4] ;
; random:random_rnd_y_pos|counter:counter_counter|number[3] ; Merged with random:random_rnd_x_pos|counter:counter_counter|number[3] ;
; random:random_rnd_y_pos|counter:counter_counter|number[2] ; Merged with random:random_rnd_x_pos|counter:counter_counter|number[2] ;
; random:random_rnd_y_pos|counter:counter_counter|number[0] ; Merged with random:random_rnd_x_pos|counter:counter_counter|number[0] ;
; random:random_rnd_y_pos|counter:counter_counter|number[1] ; Merged with random:random_rnd_x_pos|counter:counter_counter|number[1] ;
; Total Number of Removed Registers = 5                     ;                                                                       ;
+-----------------------------------------------------------+-----------------------------------------------------------------------+


+------------------------------------------------------+
; General Register Statistics                          ;
+----------------------------------------------+-------+
; Statistic                                    ; Value ;
+----------------------------------------------+-------+
; Total registers                              ; 956   ;
; Number of registers using Synchronous Clear  ; 37    ;
; Number of registers using Synchronous Load   ; 898   ;
; Number of registers using Asynchronous Clear ; 0     ;
; Number of registers using Asynchronous Load  ; 0     ;
; Number of registers using Clock Enable       ; 920   ;
; Number of registers using Preset             ; 0     ;
+----------------------------------------------+-------+


+-----------------------------------------------------------------------------------------------------------------------------------------------------------------------------------+
; Multiplexer Restructuring Statistics (Restructuring Performed)                                                                                                                    ;
+--------------------+-----------+---------------+----------------------+------------------------+------------+---------------------------------------------------------------------+
; Multiplexer Inputs ; Bus Width ; Baseline Area ; Area if Restructured ; Saving if Restructured ; Registered ; Example Multiplexer Output                                          ;
+--------------------+-----------+---------------+----------------------+------------------------+------------+---------------------------------------------------------------------+
; 3:1                ; 10 bits   ; 20 LEs        ; 10 LEs               ; 10 LEs                 ; Yes        ; |test_vga|vga:vga|vga_sync:vga_sync|h_counter[0]                    ;
; 3:1                ; 5 bits    ; 10 LEs        ; 5 LEs                ; 5 LEs                  ; Yes        ; |test_vga|random:random_rnd_x_pos|counter:counter_counter|number[0] ;
; 3:1                ; 8 bits    ; 16 LEs        ; 8 LEs                ; 8 LEs                  ; Yes        ; |test_vga|keyboard:keyboard|last_code[3]                            ;
; 4:1                ; 10 bits   ; 20 LEs        ; 10 LEs               ; 10 LEs                 ; Yes        ; |test_vga|vga:vga|vga_sync:vga_sync|v_counter[0]                    ;
; 4:1                ; 4 bits    ; 8 LEs         ; 4 LEs                ; 4 LEs                  ; Yes        ; |test_vga|keyboard:keyboard|counter_bits[0]                         ;
; 7:1                ; 898 bits  ; 3592 LEs      ; 2694 LEs             ; 898 LEs                ; Yes        ; |test_vga|grid_data[896]                                            ;
; 30:1               ; 4 bits    ; 80 LEs        ; 80 LEs               ; 0 LEs                  ; No         ; |test_vga|grid:grid|indexes_y[29][4]                                ;
; 30:1               ; 4 bits    ; 80 LEs        ; 80 LEs               ; 0 LEs                  ; No         ; |test_vga|grid:grid|indexes_x[29][3]                                ;
+--------------------+-----------+---------------+----------------------+------------------------+------------+---------------------------------------------------------------------+


+--------------------------------------------------------+
; Parameter Settings for User Entity Instance: grid:grid ;
+----------------+-------+-------------------------------+
; Parameter Name ; Value ; Type                          ;
+----------------+-------+-------------------------------+
; SIZE_X         ; 30    ; Signed Integer                ;
; SIZE_Y         ; 30    ; Signed Integer                ;
; CELL_SIZE      ; 10    ; Signed Integer                ;
; LINE_THICKNESS ; 1     ; Signed Integer                ;
; XBITS          ; 5     ; Signed Integer                ;
; YBITS          ; 5     ; Signed Integer                ;
; GDBITS         ; 900   ; Signed Integer                ;
+----------------+-------+-------------------------------+
Note: In order to hide this table in the UI and the text report file, please set the "Show Parameter Settings in Synthesis Report" option in "Analysis and Synthesis Settings -> More Settings" to "Off".


+----------------------------------------------------------------------+
; Parameter Settings for User Entity Instance: random:random_rnd_x_pos ;
+----------------+-------+---------------------------------------------+
; Parameter Name ; Value ; Type                                        ;
+----------------+-------+---------------------------------------------+
; MODULUS        ; 30    ; Signed Integer                              ;
; NBITS          ; 5     ; Signed Integer                              ;
+----------------+-------+---------------------------------------------+
Note: In order to hide this table in the UI and the text report file, please set the "Show Parameter Settings in Synthesis Report" option in "Analysis and Synthesis Settings -> More Settings" to "Off".


+----------------------------------------------------------------------------------------------+
; Parameter Settings for User Entity Instance: random:random_rnd_x_pos|counter:counter_counter ;
+----------------+-------+---------------------------------------------------------------------+
; Parameter Name ; Value ; Type                                                                ;
+----------------+-------+---------------------------------------------------------------------+
; MODULUS        ; 30    ; Signed Integer                                                      ;
; NBITS          ; 5     ; Signed Integer                                                      ;
+----------------+-------+---------------------------------------------------------------------+
Note: In order to hide this table in the UI and the text report file, please set the "Show Parameter Settings in Synthesis Report" option in "Analysis and Synthesis Settings -> More Settings" to "Off".


+----------------------------------------------------------------------+
; Parameter Settings for User Entity Instance: random:random_rnd_y_pos ;
+----------------+-------+---------------------------------------------+
; Parameter Name ; Value ; Type                                        ;
+----------------+-------+---------------------------------------------+
; MODULUS        ; 30    ; Signed Integer                              ;
; NBITS          ; 5     ; Signed Integer                              ;
+----------------+-------+---------------------------------------------+
Note: In order to hide this table in the UI and the text report file, please set the "Show Parameter Settings in Synthesis Report" option in "Analysis and Synthesis Settings -> More Settings" to "Off".


+----------------------------------------------------------------------------------------------+
; Parameter Settings for User Entity Instance: random:random_rnd_y_pos|counter:counter_counter ;
+----------------+-------+---------------------------------------------------------------------+
; Parameter Name ; Value ; Type                                                                ;
+----------------+-------+---------------------------------------------------------------------+
; MODULUS        ; 30    ; Signed Integer                                                      ;
; NBITS          ; 5     ; Signed Integer                                                      ;
+----------------+-------+---------------------------------------------------------------------+
Note: In order to hide this table in the UI and the text report file, please set the "Show Parameter Settings in Synthesis Report" option in "Analysis and Synthesis Settings -> More Settings" to "Off".


+-----------------------------------------------------------------------------+
; Port Connectivity Checks: "random:random_rnd_x_pos|counter:counter_counter" ;
+----------+-------+----------+-----------------------------------------------+
; Port     ; Type  ; Severity ; Details                                       ;
+----------+-------+----------+-----------------------------------------------+
; incr     ; Input ; Info     ; Stuck at VCC                                  ;
; set_data ; Input ; Info     ; Explicitly unconnected                        ;
; data     ; Input ; Info     ; Explicitly unconnected                        ;
+----------+-------+----------+-----------------------------------------------+


+----------------------------------------------------------------------------------------------------------------------------------------------------------------------------------------------------------------------+
; Port Connectivity Checks: "grid:grid"                                                                                                                                                                                ;
+-------------+-------+----------+-------------------------------------------------------------------------------------------------------------------------------------------------------------------------------------+
; Port        ; Type  ; Severity ; Details                                                                                                                                                                             ;
+-------------+-------+----------+-------------------------------------------------------------------------------------------------------------------------------------------------------------------------------------+
; pos_x       ; Input ; Warning  ; Input port expression (32 bits) is wider than the input port (10 bits) it drives.  The 22 most-significant bit(s) in the expression will be dangling if they have no other fanouts. ;
; pos_x[9..8] ; Input ; Info     ; Stuck at GND                                                                                                                                                                        ;
; pos_x[7]    ; Input ; Info     ; Stuck at VCC                                                                                                                                                                        ;
; pos_x[6]    ; Input ; Info     ; Stuck at GND                                                                                                                                                                        ;
; pos_x[5]    ; Input ; Info     ; Stuck at VCC                                                                                                                                                                        ;
; pos_x[4]    ; Input ; Info     ; Stuck at GND                                                                                                                                                                        ;
; pos_x[3]    ; Input ; Info     ; Stuck at VCC                                                                                                                                                                        ;
; pos_x[2]    ; Input ; Info     ; Stuck at GND                                                                                                                                                                        ;
; pos_x[1]    ; Input ; Info     ; Stuck at VCC                                                                                                                                                                        ;
; pos_x[0]    ; Input ; Info     ; Stuck at GND                                                                                                                                                                        ;
; pos_y       ; Input ; Warning  ; Input port expression (32 bits) is wider than the input port (10 bits) it drives.  The 22 most-significant bit(s) in the expression will be dangling if they have no other fanouts. ;
; pos_y[4..3] ; Input ; Info     ; Stuck at VCC                                                                                                                                                                        ;
; pos_y[9..7] ; Input ; Info     ; Stuck at GND                                                                                                                                                                        ;
; pos_y[6]    ; Input ; Info     ; Stuck at VCC                                                                                                                                                                        ;
; pos_y[5]    ; Input ; Info     ; Stuck at GND                                                                                                                                                                        ;
; pos_y[2]    ; Input ; Info     ; Stuck at GND                                                                                                                                                                        ;
; pos_y[1]    ; Input ; Info     ; Stuck at VCC                                                                                                                                                                        ;
; pos_y[0]    ; Input ; Info     ; Stuck at GND                                                                                                                                                                        ;
+-------------+-------+----------+-------------------------------------------------------------------------------------------------------------------------------------------------------------------------------------+


+-------------------------------------------------------------------------------------------------------------------+
; Port Connectivity Checks: "button:button_rnd"                                                                     ;
+---------+--------+----------+-------------------------------------------------------------------------------------+
; Port    ; Type   ; Severity ; Details                                                                             ;
+---------+--------+----------+-------------------------------------------------------------------------------------+
; out_key ; Output ; Info     ; Connected to dangling logic. Logic that only feeds a dangling port will be removed. ;
+---------+--------+----------+-------------------------------------------------------------------------------------+


+-----------------------------------------------------+
; Post-Synthesis Netlist Statistics for Top Partition ;
+-----------------------+-----------------------------+
; Type                  ; Count                       ;
+-----------------------+-----------------------------+
; boundary_port         ; 36                          ;
; cycloneiii_ff         ; 956                         ;
;     ENA               ; 12                          ;
;     ENA SCLR          ; 10                          ;
;     ENA SLD           ; 898                         ;
;     SCLR              ; 27                          ;
;     plain             ; 9                           ;
; cycloneiii_lcell_comb ; 2032                        ;
;     arith             ; 72                          ;
;         1 data inputs ; 1                           ;
;         2 data inputs ; 49                          ;
;         3 data inputs ; 22                          ;
;     normal            ; 1960                        ;
;         0 data inputs ; 2                           ;
;         1 data inputs ; 9                           ;
;         2 data inputs ; 69                          ;
;         3 data inputs ; 81                          ;
;         4 data inputs ; 1799                        ;
;                       ;                             ;
; Max LUT depth         ; 27.10                       ;
; Average LUT depth     ; 12.40                       ;
+-----------------------+-----------------------------+


+-------------------------------+
; Elapsed Time Per Partition    ;
+----------------+--------------+
; Partition Name ; Elapsed Time ;
+----------------+--------------+
; Top            ; 00:00:04     ;
+----------------+--------------+


+-------------------------------+
; Analysis & Synthesis Messages ;
+-------------------------------+
Info: *******************************************************************
Info: Running Quartus Prime Analysis & Synthesis
    Info: Version 20.1.1 Build 720 11/11/2020 SJ Lite Edition
    Info: Processing started: Thu Apr 20 15:29:35 2023
Info: Command: quartus_map --read_settings_files=on --write_settings_files=off test_vga -c test_vga
Warning (18236): Number of processors has not been specified which may cause overloading on shared machines.  Set the global assignment NUM_PARALLEL_PROCESSORS in your QSF to an appropriate value for best performance.
Info (20030): Parallel compilation is enabled and will use 6 of the 6 processors detected
Info (12021): Found 1 design units, including 1 entities, in source file vga_sync.v
    Info (12023): Found entity 1: vga_sync File: C:/Users/admin/Documents/.Programming/Verilog/test_vga/vga_sync.v Line: 1
Info (12021): Found 1 design units, including 1 entities, in source file vga.v
    Info (12023): Found entity 1: vga File: C:/Users/admin/Documents/.Programming/Verilog/test_vga/vga.v Line: 1
Info (12021): Found 1 design units, including 1 entities, in source file test_vga.v
    Info (12023): Found entity 1: test_vga File: C:/Users/admin/Documents/.Programming/Verilog/test_vga/test_vga.v Line: 8
Info (12021): Found 1 design units, including 1 entities, in source file random.v
    Info (12023): Found entity 1: random File: C:/Users/admin/Documents/.Programming/Verilog/test_vga/random.v Line: 1
Info (12021): Found 1 design units, including 1 entities, in source file keyboard.v
    Info (12023): Found entity 1: keyboard File: C:/Users/admin/Documents/.Programming/Verilog/test_vga/keyboard.v Line: 1
Info (12021): Found 1 design units, including 1 entities, in source file grid.v
    Info (12023): Found entity 1: grid File: C:/Users/admin/Documents/.Programming/Verilog/test_vga/grid.v Line: 1
Info (12021): Found 1 design units, including 1 entities, in source file counter.v
    Info (12023): Found entity 1: counter File: C:/Users/admin/Documents/.Programming/Verilog/test_vga/counter.v Line: 1
Info (12021): Found 1 design units, including 1 entities, in source file clk_div2.v
    Info (12023): Found entity 1: clk_div2 File: C:/Users/admin/Documents/.Programming/Verilog/test_vga/clk_div2.v Line: 1
Info (12021): Found 1 design units, including 1 entities, in source file button.v
    Info (12023): Found entity 1: button File: C:/Users/admin/Documents/.Programming/Verilog/test_vga/button.v Line: 1
Info (12127): Elaborating entity "test_vga" for the top level hierarchy
Info (12128): Elaborating entity "button" for hierarchy "button:button_set" File: C:/Users/admin/Documents/.Programming/Verilog/test_vga/test_vga.v Line: 36
Info (12128): Elaborating entity "vga" for hierarchy "vga:vga" File: C:/Users/admin/Documents/.Programming/Verilog/test_vga/test_vga.v Line: 70
Info (12128): Elaborating entity "clk_div2" for hierarchy "vga:vga|clk_div2:clk_div2" File: C:/Users/admin/Documents/.Programming/Verilog/test_vga/vga.v Line: 21
Info (12128): Elaborating entity "vga_sync" for hierarchy "vga:vga|vga_sync:vga_sync" File: C:/Users/admin/Documents/.Programming/Verilog/test_vga/vga.v Line: 32
Warning (10230): Verilog HDL assignment warning at vga_sync.v(29): truncated value with size 32 to match size of target (10) File: C:/Users/admin/Documents/.Programming/Verilog/test_vga/vga_sync.v Line: 29
Warning (10230): Verilog HDL assignment warning at vga_sync.v(30): truncated value with size 32 to match size of target (10) File: C:/Users/admin/Documents/.Programming/Verilog/test_vga/vga_sync.v Line: 30
Info (12128): Elaborating entity "grid" for hierarchy "grid:grid" File: C:/Users/admin/Documents/.Programming/Verilog/test_vga/test_vga.v Line: 92
Warning (10230): Verilog HDL assignment warning at grid.v(34): truncated value with size 32 to match size of target (5) File: C:/Users/admin/Documents/.Programming/Verilog/test_vga/grid.v Line: 34
Warning (10230): Verilog HDL assignment warning at grid.v(35): truncated value with size 32 to match size of target (5) File: C:/Users/admin/Documents/.Programming/Verilog/test_vga/grid.v Line: 35
Warning (10230): Verilog HDL assignment warning at grid.v(40): truncated value with size 32 to match size of target (5) File: C:/Users/admin/Documents/.Programming/Verilog/test_vga/grid.v Line: 40
Warning (10230): Verilog HDL assignment warning at grid.v(46): truncated value with size 32 to match size of target (5) File: C:/Users/admin/Documents/.Programming/Verilog/test_vga/grid.v Line: 46
Info (12128): Elaborating entity "keyboard" for hierarchy "keyboard:keyboard" File: C:/Users/admin/Documents/.Programming/Verilog/test_vga/test_vga.v Line: 104
Info (12128): Elaborating entity "random" for hierarchy "random:random_rnd_x_pos" File: C:/Users/admin/Documents/.Programming/Verilog/test_vga/test_vga.v Line: 116
Info (12128): Elaborating entity "counter" for hierarchy "random:random_rnd_x_pos|counter:counter_counter" File: C:/Users/admin/Documents/.Programming/Verilog/test_vga/random.v Line: 23
Warning (12241): 1 hierarchies have connectivity warnings - see the Connectivity Checks report folder
Warning (13024): Output pins are stuck at VCC or GND
    Warning (13410): Pin "vga_sync_n" is stuck at GND File: C:/Users/admin/Documents/.Programming/Verilog/test_vga/test_vga.v Line: 22
Info (286030): Timing-Driven Synthesis is running
Info (17016): Found the following redundant logic cells in design
    Info (17048): Logic cell "grid:grid|bias_y[0]~18" File: C:/Users/admin/Documents/.Programming/Verilog/test_vga/grid.v Line: 29
Info (144001): Generated suppressed messages file C:/Users/admin/Documents/.Programming/Verilog/test_vga/output_files/test_vga.map.smsg
Info (16010): Generating hard_block partition "hard_block:auto_generated_inst"
    Info (16011): Adding 0 node(s), including 0 DDIO, 0 PLL, 0 transceiver and 0 LCELL
Warning (21074): Design contains 1 input pin(s) that do not drive logic
    Warning (15610): No output dependent on input pin "key2_rnd" File: C:/Users/admin/Documents/.Programming/Verilog/test_vga/test_vga.v Line: 12
Info (21057): Implemented 2065 device resources after synthesis - the final resource count might be different
    Info (21058): Implemented 7 input pins
    Info (21059): Implemented 29 output pins
    Info (21061): Implemented 2029 logic cells
Info: Quartus Prime Analysis & Synthesis was successful. 0 errors, 12 warnings
    Info: Peak virtual memory: 4803 megabytes
    Info: Processing ended: Thu Apr 20 15:29:48 2023
    Info: Elapsed time: 00:00:13
    Info: Total CPU time (on all processors): 00:00:22


+------------------------------------------+
; Analysis & Synthesis Suppressed Messages ;
+------------------------------------------+
The suppressed messages can be found in C:/Users/admin/Documents/.Programming/Verilog/test_vga/output_files/test_vga.map.smsg.


