------------------------------------------------------------
Timing Analyzer Summary
------------------------------------------------------------

Type  : Slow 1200mV 85C Model Setup 'clk'
Slack : -3.195
TNS   : -2656.359

Type  : Slow 1200mV 85C Model Setup 'vga:vga|clk_div2:clk_div2|clk_div2'
Slack : -1.949
TNS   : -36.474

Type  : Slow 1200mV 85C Model Hold 'vga:vga|clk_div2:clk_div2|clk_div2'
Slack : 0.386
TNS   : 0.000

Type  : Slow 1200mV 85C Model Hold 'clk'
Slack : 0.402
TNS   : 0.000

Type  : Slow 1200mV 85C Model Minimum Pulse Width 'clk'
Slack : -3.000
TNS   : -1203.190

Type  : Slow 1200mV 85C Model Minimum Pulse Width 'vga:vga|clk_div2:clk_div2|clk_div2'
Slack : -1.285
TNS   : -28.270

Type  : Slow 1200mV 0C Model Setup 'clk'
Slack : -2.851
TNS   : -2357.152

Type  : Slow 1200mV 0C Model Setup 'vga:vga|clk_div2:clk_div2|clk_div2'
Slack : -1.663
TNS   : -30.944

Type  : Slow 1200mV 0C Model Hold 'vga:vga|clk_div2:clk_div2|clk_div2'
Slack : 0.338
TNS   : 0.000

Type  : Slow 1200mV 0C Model Hold 'clk'
Slack : 0.354
TNS   : 0.000

Type  : Slow 1200mV 0C Model Minimum Pulse Width 'clk'
Slack : -3.000
TNS   : -1203.190

Type  : Slow 1200mV 0C Model Minimum Pulse Width 'vga:vga|clk_div2:clk_div2|clk_div2'
Slack : -1.285
TNS   : -28.270

Type  : Fast 1200mV 0C Model Setup 'clk'
Slack : -1.149
TNS   : -858.671

Type  : Fast 1200mV 0C Model Setup 'vga:vga|clk_div2:clk_div2|clk_div2'
Slack : -0.451
TNS   : -6.302

Type  : Fast 1200mV 0C Model Hold 'vga:vga|clk_div2:clk_div2|clk_div2'
Slack : 0.174
TNS   : 0.000

Type  : Fast 1200mV 0C Model Hold 'clk'
Slack : 0.181
TNS   : 0.000

Type  : Fast 1200mV 0C Model Minimum Pulse Width 'clk'
Slack : -3.000
TNS   : -1004.314

Type  : Fast 1200mV 0C Model Minimum Pulse Width 'vga:vga|clk_div2:clk_div2|clk_div2'
Slack : -1.000
TNS   : -22.000

------------------------------------------------------------
